
build/main.elf:     file format elf32-littleriscv


Disassembly of section .init:

00010000 <_start>:
   10000:	0140006f          	j	10014 <_reset_entry>
	...

00010010 <_irq_vector>:
   10010:	0b80006f          	j	100c8 <_irq_entry>

00010014 <_reset_entry>:
   10014:	00000093          	li	ra,0
   10018:	00000113          	li	sp,0
   1001c:	00000193          	li	gp,0
   10020:	00000213          	li	tp,0
   10024:	00000293          	li	t0,0
   10028:	00000313          	li	t1,0
   1002c:	00000393          	li	t2,0
   10030:	00000413          	li	s0,0
   10034:	00000493          	li	s1,0
   10038:	00000513          	li	a0,0
   1003c:	00000593          	li	a1,0
   10040:	00000613          	li	a2,0
   10044:	00000693          	li	a3,0
   10048:	00000713          	li	a4,0
   1004c:	00000793          	li	a5,0
   10050:	00000813          	li	a6,0
   10054:	00000893          	li	a7,0
   10058:	00000913          	li	s2,0
   1005c:	00000993          	li	s3,0
   10060:	00000a13          	li	s4,0
   10064:	00000a93          	li	s5,0
   10068:	00000b13          	li	s6,0
   1006c:	00000b93          	li	s7,0
   10070:	00000c13          	li	s8,0
   10074:	00000c93          	li	s9,0
   10078:	00000d13          	li	s10,0
   1007c:	00000d93          	li	s11,0
   10080:	00000e13          	li	t3,0
   10084:	00000e93          	li	t4,0
   10088:	00000f13          	li	t5,0
   1008c:	00000f93          	li	t6,0
   10090:	00001197          	auipc	gp,0x1
   10094:	cbc18193          	addi	gp,gp,-836 # 10d4c <__global_pointer$>
   10098:	00008117          	auipc	sp,0x8
   1009c:	f6810113          	addi	sp,sp,-152 # 18000 <_stack_top>
   100a0:	00000297          	auipc	t0,0x0
   100a4:	4ac28293          	addi	t0,t0,1196 # 1054c <irq_count>
   100a8:	88018313          	addi	t1,gp,-1920 # 105cc <_bss_end>

000100ac <bss_loop>:
   100ac:	0062d863          	bge	t0,t1,100bc <bss_done>
   100b0:	0002a023          	sw	zero,0(t0)
   100b4:	00428293          	addi	t0,t0,4
   100b8:	ff5ff06f          	j	100ac <bss_loop>

000100bc <bss_done>:
   100bc:	198000ef          	jal	10254 <irq_init>
   100c0:	0fc000ef          	jal	101bc <main>

000100c4 <_halt>:
   100c4:	0000006f          	j	100c4 <_halt>

000100c8 <_irq_entry>:
   100c8:	f9010113          	addi	sp,sp,-112
   100cc:	00112023          	sw	ra,0(sp)
   100d0:	00512223          	sw	t0,4(sp)
   100d4:	00612423          	sw	t1,8(sp)
   100d8:	00712623          	sw	t2,12(sp)
   100dc:	01c12823          	sw	t3,16(sp)
   100e0:	01d12a23          	sw	t4,20(sp)
   100e4:	01e12c23          	sw	t5,24(sp)
   100e8:	01f12e23          	sw	t6,28(sp)
   100ec:	02a12023          	sw	a0,32(sp)
   100f0:	02b12223          	sw	a1,36(sp)
   100f4:	02c12423          	sw	a2,40(sp)
   100f8:	02d12623          	sw	a3,44(sp)
   100fc:	02e12823          	sw	a4,48(sp)
   10100:	02f12a23          	sw	a5,52(sp)
   10104:	03012c23          	sw	a6,56(sp)
   10108:	03112e23          	sw	a7,60(sp)
   1010c:	04812023          	sw	s0,64(sp)
   10110:	04912223          	sw	s1,68(sp)
   10114:	05212423          	sw	s2,72(sp)
   10118:	05312623          	sw	s3,76(sp)
   1011c:	05412823          	sw	s4,80(sp)
   10120:	05512a23          	sw	s5,84(sp)
   10124:	05612c23          	sw	s6,88(sp)
   10128:	05712e23          	sw	s7,92(sp)
   1012c:	07812023          	sw	s8,96(sp)
   10130:	07912223          	sw	s9,100(sp)
   10134:	07a12423          	sw	s10,104(sp)
   10138:	07b12623          	sw	s11,108(sp)
   1013c:	0000850b          	.insn	4, 0x850b
   10140:	1d0000ef          	jal	10310 <irq_dispatch>
   10144:	04012403          	lw	s0,64(sp)
   10148:	04412483          	lw	s1,68(sp)
   1014c:	04812903          	lw	s2,72(sp)
   10150:	04c12983          	lw	s3,76(sp)
   10154:	05012a03          	lw	s4,80(sp)
   10158:	05412a83          	lw	s5,84(sp)
   1015c:	05812b03          	lw	s6,88(sp)
   10160:	05c12b83          	lw	s7,92(sp)
   10164:	06012c03          	lw	s8,96(sp)
   10168:	06412c83          	lw	s9,100(sp)
   1016c:	06812d03          	lw	s10,104(sp)
   10170:	06c12d83          	lw	s11,108(sp)
   10174:	00012083          	lw	ra,0(sp)
   10178:	00412283          	lw	t0,4(sp)
   1017c:	00812303          	lw	t1,8(sp)
   10180:	00c12383          	lw	t2,12(sp)
   10184:	01012e03          	lw	t3,16(sp)
   10188:	01412e83          	lw	t4,20(sp)
   1018c:	01812f03          	lw	t5,24(sp)
   10190:	01c12f83          	lw	t6,28(sp)
   10194:	02012503          	lw	a0,32(sp)
   10198:	02412583          	lw	a1,36(sp)
   1019c:	02812603          	lw	a2,40(sp)
   101a0:	02c12683          	lw	a3,44(sp)
   101a4:	03012703          	lw	a4,48(sp)
   101a8:	03412783          	lw	a5,52(sp)
   101ac:	03812803          	lw	a6,56(sp)
   101b0:	03c12883          	lw	a7,60(sp)
   101b4:	07010113          	addi	sp,sp,112
   101b8:	0400000b          	.insn	4, 0x0400000b

Disassembly of section .text:

000101bc <main>:
   101bc:	ff010113          	addi	sp,sp,-16
   101c0:	03600513          	li	a0,54
   101c4:	00112623          	sw	ra,12(sp)
   101c8:	00812423          	sw	s0,8(sp)
   101cc:	01212023          	sw	s2,0(sp)
   101d0:	00912223          	sw	s1,4(sp)
   101d4:	284000ef          	jal	10458 <uart_init>
   101d8:	07c000ef          	jal	10254 <irq_init>
   101dc:	00010537          	lui	a0,0x10
   101e0:	fff50513          	addi	a0,a0,-1 # ffff <_start-0x1>
   101e4:	040000ef          	jal	10224 <gpio_set_output_en>
   101e8:	00010537          	lui	a0,0x10
   101ec:	51050513          	addi	a0,a0,1296 # 10510 <_text_end>
   101f0:	2c8000ef          	jal	104b8 <uart_puts>
   101f4:	000f4437          	lui	s0,0xf4
   101f8:	00000513          	li	a0,0
   101fc:	00010937          	lui	s2,0x10
   10200:	24040413          	addi	s0,s0,576 # f4240 <_stack_top+0xdc240>
   10204:	00150493          	addi	s1,a0,1
   10208:	028000ef          	jal	10230 <gpio_write>
   1020c:	54090513          	addi	a0,s2,1344 # 10540 <_text_end+0x30>
   10210:	2a8000ef          	jal	104b8 <uart_puts>
   10214:	00040513          	mv	a0,s0
   10218:	1f0000ef          	jal	10408 <timer_wait>
   1021c:	00048513          	mv	a0,s1
   10220:	fe5ff06f          	j	10204 <main+0x48>

00010224 <gpio_set_output_en>:
   10224:	200027b7          	lui	a5,0x20002
   10228:	00a7a423          	sw	a0,8(a5) # 20002008 <_stack_top+0x1ffea008>
   1022c:	00008067          	ret

00010230 <gpio_write>:
   10230:	200027b7          	lui	a5,0x20002
   10234:	00a7a623          	sw	a0,12(a5) # 2000200c <_stack_top+0x1ffea00c>
   10238:	00008067          	ret

0001023c <gpio_read>:
   1023c:	200027b7          	lui	a5,0x20002
   10240:	0007a503          	lw	a0,0(a5) # 20002000 <_stack_top+0x1ffea000>
   10244:	00008067          	ret

00010248 <gpio_set_input_en>:
   10248:	200027b7          	lui	a5,0x20002
   1024c:	00a7a223          	sw	a0,4(a5) # 20002004 <_stack_top+0x1ffea004>
   10250:	00008067          	ret

00010254 <irq_init>:
   10254:	000106b7          	lui	a3,0x10
   10258:	00000793          	li	a5,0
   1025c:	54c68693          	addi	a3,a3,1356 # 1054c <irq_count>
   10260:	02000613          	li	a2,32
   10264:	00279713          	slli	a4,a5,0x2
   10268:	00e68733          	add	a4,a3,a4
   1026c:	00072023          	sw	zero,0(a4)
   10270:	00178793          	addi	a5,a5,1
   10274:	fec798e3          	bne	a5,a2,10264 <irq_init+0x10>
   10278:	f0700793          	li	a5,-249
   1027c:	0607878b          	.insn	4, 0x0607878b
   10280:	00008067          	ret

00010284 <timer_irq_handler>:
   10284:	ff010113          	addi	sp,sp,-16
   10288:	00112623          	sw	ra,12(sp)
   1028c:	1bc000ef          	jal	10448 <timer_clear_irq>
   10290:	000107b7          	lui	a5,0x10
   10294:	54c78793          	addi	a5,a5,1356 # 1054c <irq_count>
   10298:	00c7a703          	lw	a4,12(a5)
   1029c:	00c12083          	lw	ra,12(sp)
   102a0:	00170713          	addi	a4,a4,1
   102a4:	00e7a623          	sw	a4,12(a5)
   102a8:	01010113          	addi	sp,sp,16
   102ac:	00008067          	ret

000102b0 <uart_irq_handler>:
   102b0:	000107b7          	lui	a5,0x10
   102b4:	54c78793          	addi	a5,a5,1356 # 1054c <irq_count>
   102b8:	0107a703          	lw	a4,16(a5)
   102bc:	00170713          	addi	a4,a4,1
   102c0:	00e7a823          	sw	a4,16(a5)
   102c4:	00008067          	ret

000102c8 <gpio_irq_handler>:
   102c8:	000107b7          	lui	a5,0x10
   102cc:	54c78793          	addi	a5,a5,1356 # 1054c <irq_count>
   102d0:	0147a703          	lw	a4,20(a5)
   102d4:	00170713          	addi	a4,a4,1
   102d8:	00e7aa23          	sw	a4,20(a5)
   102dc:	00008067          	ret

000102e0 <spi_irq_handler>:
   102e0:	000107b7          	lui	a5,0x10
   102e4:	54c78793          	addi	a5,a5,1356 # 1054c <irq_count>
   102e8:	0187a703          	lw	a4,24(a5)
   102ec:	00170713          	addi	a4,a4,1
   102f0:	00e7ac23          	sw	a4,24(a5)
   102f4:	00008067          	ret

000102f8 <debug_irq_handler>:
   102f8:	000107b7          	lui	a5,0x10
   102fc:	54c78793          	addi	a5,a5,1356 # 1054c <irq_count>
   10300:	01c7a703          	lw	a4,28(a5)
   10304:	00170713          	addi	a4,a4,1
   10308:	00e7ae23          	sw	a4,28(a5)
   1030c:	00008067          	ret

00010310 <irq_dispatch>:
   10310:	ff010113          	addi	sp,sp,-16
   10314:	00812423          	sw	s0,8(sp)
   10318:	00112623          	sw	ra,12(sp)
   1031c:	00857793          	andi	a5,a0,8
   10320:	00050413          	mv	s0,a0
   10324:	00078463          	beqz	a5,1032c <irq_dispatch+0x1c>
   10328:	f5dff0ef          	jal	10284 <timer_irq_handler>
   1032c:	01047793          	andi	a5,s0,16
   10330:	00078463          	beqz	a5,10338 <irq_dispatch+0x28>
   10334:	f7dff0ef          	jal	102b0 <uart_irq_handler>
   10338:	02047793          	andi	a5,s0,32
   1033c:	00078463          	beqz	a5,10344 <irq_dispatch+0x34>
   10340:	f89ff0ef          	jal	102c8 <gpio_irq_handler>
   10344:	04047793          	andi	a5,s0,64
   10348:	00078463          	beqz	a5,10350 <irq_dispatch+0x40>
   1034c:	f95ff0ef          	jal	102e0 <spi_irq_handler>
   10350:	08047413          	andi	s0,s0,128
   10354:	00040a63          	beqz	s0,10368 <irq_dispatch+0x58>
   10358:	00812403          	lw	s0,8(sp)
   1035c:	00c12083          	lw	ra,12(sp)
   10360:	01010113          	addi	sp,sp,16
   10364:	f95ff06f          	j	102f8 <debug_irq_handler>
   10368:	00c12083          	lw	ra,12(sp)
   1036c:	00812403          	lw	s0,8(sp)
   10370:	01010113          	addi	sp,sp,16
   10374:	00008067          	ret

00010378 <spi_init>:
   10378:	200037b7          	lui	a5,0x20003
   1037c:	00a7a023          	sw	a0,0(a5) # 20003000 <_stack_top+0x1ffeb000>
   10380:	00f00713          	li	a4,15
   10384:	00e7a623          	sw	a4,12(a5)
   10388:	200037b7          	lui	a5,0x20003
   1038c:	00080737          	lui	a4,0x80
   10390:	0007a823          	sw	zero,16(a5) # 20003010 <_stack_top+0x1ffeb010>
   10394:	00870713          	addi	a4,a4,8 # 80008 <_stack_top+0x68008>
   10398:	200037b7          	lui	a5,0x20003
   1039c:	00e7aa23          	sw	a4,20(a5) # 20003014 <_stack_top+0x1ffeb014>
   103a0:	200037b7          	lui	a5,0x20003
   103a4:	00100713          	li	a4,1
   103a8:	02e7aa23          	sw	a4,52(a5) # 20003034 <_stack_top+0x1ffeb034>
   103ac:	00008067          	ret

000103b0 <spi_set_cs>:
   103b0:	200037b7          	lui	a5,0x20003
   103b4:	00a7a423          	sw	a0,8(a5) # 20003008 <_stack_top+0x1ffeb008>
   103b8:	00008067          	ret

000103bc <spi_transfer>:
   103bc:	200037b7          	lui	a5,0x20003
   103c0:	00a7ac23          	sw	a0,24(a5) # 20003018 <_stack_top+0x1ffeb018>
   103c4:	200037b7          	lui	a5,0x20003
   103c8:	01c78793          	addi	a5,a5,28 # 2000301c <_stack_top+0x1ffeb01c>
   103cc:	0007a503          	lw	a0,0(a5)
   103d0:	fe054ee3          	bltz	a0,103cc <spi_transfer+0x10>
   103d4:	0ff57513          	zext.b	a0,a0
   103d8:	00008067          	ret

000103dc <timer_init_oneshot>:
   103dc:	200017b7          	lui	a5,0x20001
   103e0:	00100713          	li	a4,1
   103e4:	00e7a623          	sw	a4,12(a5) # 2000100c <_stack_top+0x1ffe900c>
   103e8:	200017b7          	lui	a5,0x20001
   103ec:	00a7a023          	sw	a0,0(a5) # 20001000 <_stack_top+0x1ffe9000>
   103f0:	0a300713          	li	a4,163
   103f4:	00059463          	bnez	a1,103fc <timer_init_oneshot+0x20>
   103f8:	08300713          	li	a4,131
   103fc:	200017b7          	lui	a5,0x20001
   10400:	00e7a423          	sw	a4,8(a5) # 20001008 <_stack_top+0x1ffe9008>
   10404:	00008067          	ret

00010408 <timer_wait>:
   10408:	200017b7          	lui	a5,0x20001
   1040c:	00100713          	li	a4,1
   10410:	00e7a623          	sw	a4,12(a5) # 2000100c <_stack_top+0x1ffe900c>
   10414:	200017b7          	lui	a5,0x20001
   10418:	08300713          	li	a4,131
   1041c:	00a7a023          	sw	a0,0(a5) # 20001000 <_stack_top+0x1ffe9000>
   10420:	00e7a423          	sw	a4,8(a5)
   10424:	20001737          	lui	a4,0x20001
   10428:	01070713          	addi	a4,a4,16 # 20001010 <_stack_top+0x1ffe9010>
   1042c:	00072783          	lw	a5,0(a4)
   10430:	0017f793          	andi	a5,a5,1
   10434:	fe078ce3          	beqz	a5,1042c <timer_wait+0x24>
   10438:	200017b7          	lui	a5,0x20001
   1043c:	00100713          	li	a4,1
   10440:	00e7a623          	sw	a4,12(a5) # 2000100c <_stack_top+0x1ffe900c>
   10444:	00008067          	ret

00010448 <timer_clear_irq>:
   10448:	200017b7          	lui	a5,0x20001
   1044c:	00100713          	li	a4,1
   10450:	00e7a623          	sw	a4,12(a5) # 2000100c <_stack_top+0x1ffe900c>
   10454:	00008067          	ret

00010458 <uart_init>:
   10458:	000307b7          	lui	a5,0x30
   1045c:	00f56533          	or	a0,a0,a5
   10460:	200007b7          	lui	a5,0x20000
   10464:	00a7a623          	sw	a0,12(a5) # 2000000c <_stack_top+0x1ffe800c>
   10468:	00008067          	ret

0001046c <uart_putc>:
   1046c:	ff010113          	addi	sp,sp,-16
   10470:	00812423          	sw	s0,8(sp)
   10474:	00112623          	sw	ra,12(sp)
   10478:	00a00793          	li	a5,10
   1047c:	00050413          	mv	s0,a0
   10480:	00f51663          	bne	a0,a5,1048c <uart_putc+0x20>
   10484:	00d00513          	li	a0,13
   10488:	fe5ff0ef          	jal	1046c <uart_putc>
   1048c:	20000737          	lui	a4,0x20000
   10490:	00870713          	addi	a4,a4,8 # 20000008 <_stack_top+0x1ffe8008>
   10494:	00072783          	lw	a5,0(a4)
   10498:	0027f793          	andi	a5,a5,2
   1049c:	fe079ce3          	bnez	a5,10494 <uart_putc+0x28>
   104a0:	200007b7          	lui	a5,0x20000
   104a4:	00c12083          	lw	ra,12(sp)
   104a8:	0087a023          	sw	s0,0(a5) # 20000000 <_stack_top+0x1ffe8000>
   104ac:	00812403          	lw	s0,8(sp)
   104b0:	01010113          	addi	sp,sp,16
   104b4:	00008067          	ret

000104b8 <uart_puts>:
   104b8:	ff010113          	addi	sp,sp,-16
   104bc:	00812423          	sw	s0,8(sp)
   104c0:	00112623          	sw	ra,12(sp)
   104c4:	00050413          	mv	s0,a0
   104c8:	00044503          	lbu	a0,0(s0)
   104cc:	00051a63          	bnez	a0,104e0 <uart_puts+0x28>
   104d0:	00c12083          	lw	ra,12(sp)
   104d4:	00812403          	lw	s0,8(sp)
   104d8:	01010113          	addi	sp,sp,16
   104dc:	00008067          	ret
   104e0:	00140413          	addi	s0,s0,1
   104e4:	f89ff0ef          	jal	1046c <uart_putc>
   104e8:	fe1ff06f          	j	104c8 <uart_puts+0x10>

000104ec <uart_getc>:
   104ec:	20000737          	lui	a4,0x20000
   104f0:	00870713          	addi	a4,a4,8 # 20000008 <_stack_top+0x1ffe8008>
   104f4:	00072783          	lw	a5,0(a4)
   104f8:	0047f793          	andi	a5,a5,4
   104fc:	fe079ce3          	bnez	a5,104f4 <uart_getc+0x8>
   10500:	200007b7          	lui	a5,0x20000
   10504:	0047a503          	lw	a0,4(a5) # 20000004 <_stack_top+0x1ffe8004>
   10508:	0ff57513          	zext.b	a0,a0
   1050c:	00008067          	ret
