
40. Executing CHECK pass (checking for obvious problems).
Checking module $paramod$43f37c88f8656672b37fe9c7adc4504d078246e0\picorv32_axi...
Checking module uart_tx...
Checking module uart_rx...
Checking module $paramod$1493bce0ef3caf7507d3e902b56cd5cff194c679\bootrom...
Checking module uart_ctrl_apb...
Checking module timer_apb...
Checking module spi_master_apb...
Checking module gpio_apb...
Checking module flash_ctrl...
Checking module jtag_dtm...
Checking module debug_apb...
Checking module irq_aggregator...
Checking module axi_interconnect...
Checking module axi2apb_bridge...
Checking module apb_interconnect...
Checking module $paramod$53661ea1b0a5be50eac96a67045d927ea72b9f21\sram_axi...
Checking module $paramod$e8c61dcbe06088ab33c1c68644c583413bfb5d4a\uart_fifo...
Checking module $paramod$1f39e925e97c3bf2e6101ec6cac752472c2875db\picorv32...
Checking module soc_top...
Checking module picorv32_axi_adapter...
Checking module $paramod$2e7070cc331c51dcbcffa529dac67c37dd974b87\soc_core...
Found and reported 0 problems.
