
80. Printing statistics.

=== soc_top ===

        +----------Local Count, excluding submodules.
        |        +-Local Area, excluding submodules.
        |        | 
    17593        - wires
    17689        - wire bits
     4680        - public wires
     4776        - public wire bits
       20        - ports
      116        - port bits
    17393 1.93E+05 cells
        9   78.826   sky130_fd_sc_hd__a2111oi_0
        6    52.55   sky130_fd_sc_hd__a211o_1
      208 1.56E+03   sky130_fd_sc_hd__a211oi_1
       28  210.202   sky130_fd_sc_hd__a21boi_0
       43   322.81   sky130_fd_sc_hd__a21o_1
     1065 5.33E+03   sky130_fd_sc_hd__a21oi_1
       26   260.25   sky130_fd_sc_hd__a221o_1
      106   928.39   sky130_fd_sc_hd__a221oi_1
      218 2.18E+03   sky130_fd_sc_hd__a222oi_1
       98  858.323   sky130_fd_sc_hd__a22o_1
      331 2.48E+03   sky130_fd_sc_hd__a22oi_1
        5   43.792   sky130_fd_sc_hd__a2bb2oi_1
        1    10.01   sky130_fd_sc_hd__a311o_1
       14  122.618   sky130_fd_sc_hd__a311oi_1
       10   87.584   sky130_fd_sc_hd__a31o_2
      241 1.51E+03   sky130_fd_sc_hd__a31oi_1
       11  110.106   sky130_fd_sc_hd__a32o_1
       28  245.235   sky130_fd_sc_hd__a32oi_1
        2   20.019   sky130_fd_sc_hd__a41o_1
        3   26.275   sky130_fd_sc_hd__a41oi_1
        7   43.792   sky130_fd_sc_hd__and2_0
        2   12.512   sky130_fd_sc_hd__and2_1
      151  944.656   sky130_fd_sc_hd__and3_1
        3   26.275   sky130_fd_sc_hd__and3b_1
       17  148.893   sky130_fd_sc_hd__and4_1
        4   40.038   sky130_fd_sc_hd__and4b_1
       17   63.811   sky130_fd_sc_hd__buf_1
       28  140.134   sky130_fd_sc_hd__buf_2
      987  3.7E+03   sky130_fd_sc_hd__clkbuf_1
        1    3.754   sky130_fd_sc_hd__clkinv_1
       26   97.594   sky130_fd_sc_hd__conb_1
      610 1.53E+04   sky130_fd_sc_hd__dfrtp_1
     1393 2.79E+04   sky130_fd_sc_hd__dfxtp_1
     2218 6.66E+04   sky130_fd_sc_hd__edfxtp_1
      254  953.414   sky130_fd_sc_hd__inv_1
       19   71.318   sky130_fd_sc_hd__inv_2
      811  3044.17   sky130_fd_sc_hd__lpflow_clkbufkapwr_1
        1    3.754   sky130_fd_sc_hd__lpflow_clkinvkapwr_1
      168 1.05E+03   sky130_fd_sc_hd__lpflow_inputiso0n_1
       95   594.32   sky130_fd_sc_hd__lpflow_isobufsrc_1
       30  300.288   sky130_fd_sc_hd__maj3_1
      518 5.83E+03   sky130_fd_sc_hd__mux2_2
      314 3.14E+03   sky130_fd_sc_hd__mux2i_1
      616 1.39E+04   sky130_fd_sc_hd__mux4_2
     1134 4.26E+03   sky130_fd_sc_hd__nand2_1
      151  944.656   sky130_fd_sc_hd__nand2b_1
      296 1.48E+03   sky130_fd_sc_hd__nand3_1
       22  165.158   sky130_fd_sc_hd__nand3b_1
      107  669.392   sky130_fd_sc_hd__nand4_1
        9   78.826   sky130_fd_sc_hd__nand4b_1
     1915 7.19E+03   sky130_fd_sc_hd__nor2_1
       31  193.936   sky130_fd_sc_hd__nor2b_1
      295 1.48E+03   sky130_fd_sc_hd__nor3_1
       25   187.68   sky130_fd_sc_hd__nor3b_1
       66  412.896   sky130_fd_sc_hd__nor4_1
       10   87.584   sky130_fd_sc_hd__nor4b_1
        1    10.01   sky130_fd_sc_hd__nor4bb_1
       10   87.584   sky130_fd_sc_hd__o2111ai_1
       13  130.125   sky130_fd_sc_hd__o211a_1
      114  855.821   sky130_fd_sc_hd__o211ai_1
       32   240.23   sky130_fd_sc_hd__o21a_1
     1323  6621.35   sky130_fd_sc_hd__o21ai_0
      182  910.874   sky130_fd_sc_hd__o21ai_1
       10   75.072   sky130_fd_sc_hd__o21bai_1
        5   56.304   sky130_fd_sc_hd__o221a_2
       63  551.779   sky130_fd_sc_hd__o221ai_1
       33  289.027   sky130_fd_sc_hd__o22a_1
      166 1.04E+03   sky130_fd_sc_hd__o22ai_1
        1    10.01   sky130_fd_sc_hd__o2bb2a_1
        6    52.55   sky130_fd_sc_hd__o2bb2ai_1
        3   30.029   sky130_fd_sc_hd__o311a_1
        6    52.55   sky130_fd_sc_hd__o311ai_0
        1    8.758   sky130_fd_sc_hd__o311ai_1
        8   70.067   sky130_fd_sc_hd__o31a_1
       39  292.781   sky130_fd_sc_hd__o31ai_1
        2   20.019   sky130_fd_sc_hd__o32a_1
       69   604.33   sky130_fd_sc_hd__o32ai_1
        5   43.792   sky130_fd_sc_hd__o41ai_1
       73  456.688   sky130_fd_sc_hd__or2_2
       51  319.056   sky130_fd_sc_hd__or3_1
        5   43.792   sky130_fd_sc_hd__or3b_2
       28  210.202   sky130_fd_sc_hd__or4_1
        5   50.048   sky130_fd_sc_hd__or4b_2
        1   11.261   sky130_fd_sc_hd__or4bb_1
      194  1699.13   sky130_fd_sc_hd__xnor2_1
      132 1.16E+03   sky130_fd_sc_hd__xor2_1
        8        8   sky130_sram_4kbyte_1rw_32x1024_8

   Chip area for module '\soc_top': 193441.017600
     of which used for sequential elements: 109755.264000 (56.74%)

