
Discarded input sections

 .data          0x00000000        0x0 build/start.o
 .bss           0x00000000        0x0 build/start.o
 .text          0x00000000        0x0 build/main.o
 .data          0x00000000        0x0 build/main.o
 .bss           0x00000000        0x0 build/main.o
 .comment       0x00000000       0x23 build/main.o
 .text          0x00000000        0x0 build/libc.o
 .data          0x00000000        0x0 build/libc.o
 .bss           0x00000000        0x0 build/libc.o
 .text.sn_putc  0x00000000       0x30 build/libc.o
 .text.sn_utoa  0x00000000       0xe8 build/libc.o
 .text.memcpy   0x00000000       0x24 build/libc.o
 .text.memmove  0x00000000       0x54 build/libc.o
 .text.memcmp   0x00000000       0x30 build/libc.o
 .text.strlen   0x00000000       0x1c build/libc.o
 .text.strcpy   0x00000000       0x1c build/libc.o
 .text.strncpy  0x00000000       0x40 build/libc.o
 .text.strcmp   0x00000000       0x24 build/libc.o
 .text.strncmp  0x00000000       0x3c build/libc.o
 .rodata.vsnprintf.str1.4
                0x00000000        0xb build/libc.o
 .text.vsnprintf
                0x00000000      0x2a4 build/libc.o
 .text.snprintf
                0x00000000       0x38 build/libc.o
 .comment       0x00000000       0x23 build/libc.o
 .text          0x00000000        0x0 build/tasks.o
 .data          0x00000000        0x0 build/tasks.o
 .bss           0x00000000        0x0 build/tasks.o
 .text.prvTaskIsTaskSuspended
                0x00000000       0x50 build/tasks.o
 .text.vTaskDelete
                0x00000000      0x1a0 build/tasks.o
 .text.vTaskResume
                0x00000000      0x118 build/tasks.o
 .text.xTaskResumeFromISR
                0x00000000      0x104 build/tasks.o
 .text.vTaskEndScheduler
                0x00000000       0x48 build/tasks.o
 .text.xTaskGetTickCount
                0x00000000        0xc build/tasks.o
 .text.xTaskGetTickCountFromISR
                0x00000000        0xc build/tasks.o
 .text.uxTaskGetNumberOfTasks
                0x00000000        0xc build/tasks.o
 .text.pcTaskGetName
                0x00000000       0x28 build/tasks.o
 .text.xTaskDelayUntil
                0x00000000       0xdc build/tasks.o
 .text.xTaskCatchUpTicks
                0x00000000       0x7c build/tasks.o
 .text.vTaskSuspend
                0x00000000      0x1b8 build/tasks.o
 .text.vTaskPlaceOnEventList
                0x00000000       0x54 build/tasks.o
 .text.vTaskPlaceOnUnorderedEventList
                0x00000000       0x9c build/tasks.o
 .text.xTaskRemoveFromEventList
                0x00000000      0x12c build/tasks.o
 .text.vTaskRemoveFromUnorderedEventList
                0x00000000      0x110 build/tasks.o
 .text.vTaskSetTimeOutState
                0x00000000       0x58 build/tasks.o
 .text.vTaskInternalSetTimeOutState
                0x00000000       0x1c build/tasks.o
 .text.xTaskCheckForTimeOut
                0x00000000       0xd8 build/tasks.o
 .text.vTaskMissedYield
                0x00000000       0x10 build/tasks.o
 .text.xTaskPriorityInherit
                0x00000000      0x11c build/tasks.o
 .text.xTaskPriorityDisinherit
                0x00000000       0xfc build/tasks.o
 .text.vTaskPriorityDisinheritAfterTimeout
                0x00000000      0x118 build/tasks.o
 .text.uxTaskResetEventItemValue
                0x00000000       0x28 build/tasks.o
 .text.pvTaskIncrementMutexHeldCount
                0x00000000       0x1c build/tasks.o
 .text.ulTaskGenericNotifyTake
                0x00000000      0x134 build/tasks.o
 .text.xTaskGenericNotifyWait
                0x00000000      0x194 build/tasks.o
 .text.xTaskGenericNotify
                0x00000000      0x1c8 build/tasks.o
 .rodata.xTaskGenericNotify
                0x00000000       0x14 build/tasks.o
 .text.xTaskGenericNotifyFromISR
                0x00000000      0x1b8 build/tasks.o
 .rodata.xTaskGenericNotifyFromISR
                0x00000000       0x14 build/tasks.o
 .text.vTaskGenericNotifyGiveFromISR
                0x00000000      0x144 build/tasks.o
 .text.xTaskGenericNotifyStateClear
                0x00000000       0x78 build/tasks.o
 .text.ulTaskGenericNotifyValueClear
                0x00000000       0x74 build/tasks.o
 .text.vTaskResetState
                0x00000000       0x64 build/tasks.o
 .comment       0x00000000       0x23 build/tasks.o
 .text          0x00000000        0x0 build/queue.o
 .data          0x00000000        0x0 build/queue.o
 .bss           0x00000000        0x0 build/queue.o
 .text.prvIsQueueEmpty
                0x00000000       0x30 build/queue.o
 .text.prvCopyDataToQueue
                0x00000000       0xe8 build/queue.o
 .text.prvCopyDataFromQueue
                0x00000000       0x3c build/queue.o
 .text.prvUnlockQueue
                0x00000000      0x138 build/queue.o
 .text.xQueueGenericReset
                0x00000000      0x110 build/queue.o
 .text.xQueueGenericCreate
                0x00000000       0xac build/queue.o
 .text.xQueueGenericSend
                0x00000000      0x274 build/queue.o
 .text.xQueueCreateMutex
                0x00000000       0x5c build/queue.o
 .text.xQueueGenericSendFromISR
                0x00000000      0x124 build/queue.o
 .text.xQueueGiveFromISR
                0x00000000      0x110 build/queue.o
 .text.xQueueReceive
                0x00000000      0x238 build/queue.o
 .text.xQueueSemaphoreTake
                0x00000000      0x2c8 build/queue.o
 .text.xQueuePeek
                0x00000000      0x220 build/queue.o
 .text.xQueueReceiveFromISR
                0x00000000      0x100 build/queue.o
 .text.xQueuePeekFromISR
                0x00000000       0x90 build/queue.o
 .text.uxQueueMessagesWaiting
                0x00000000       0x40 build/queue.o
 .text.uxQueueSpacesAvailable
                0x00000000       0x48 build/queue.o
 .text.uxQueueMessagesWaitingFromISR
                0x00000000       0x1c build/queue.o
 .text.vQueueDelete
                0x00000000       0x1c build/queue.o
 .text.uxQueueGetQueueItemSize
                0x00000000        0x8 build/queue.o
 .text.uxQueueGetQueueLength
                0x00000000        0x8 build/queue.o
 .text.xQueueIsQueueEmptyFromISR
                0x00000000       0x20 build/queue.o
 .text.xQueueIsQueueFullFromISR
                0x00000000       0x28 build/queue.o
 .debug_info    0x00000000     0x1b63 build/queue.o
 .debug_abbrev  0x00000000      0x344 build/queue.o
 .debug_loclists
                0x00000000      0xe09 build/queue.o
 .debug_aranges
                0x00000000       0xd0 build/queue.o
 .debug_rnglists
                0x00000000      0x198 build/queue.o
 .debug_line    0x00000000     0x2e4a build/queue.o
 .debug_str     0x00000000      0x8d7 build/queue.o
 .debug_line_str
                0x00000000      0x113 build/queue.o
 .comment       0x00000000       0x23 build/queue.o
 .debug_frame   0x00000000      0x338 build/queue.o
 .riscv.attributes
                0x00000000       0x2a build/queue.o
 .text          0x00000000        0x0 build/list.o
 .data          0x00000000        0x0 build/list.o
 .bss           0x00000000        0x0 build/list.o
 .text.vListInsertEnd
                0x00000000       0x2c build/list.o
 .comment       0x00000000       0x23 build/list.o
 .text          0x00000000        0x0 build/heap_4.o
 .data          0x00000000        0x0 build/heap_4.o
 .bss           0x00000000        0x0 build/heap_4.o
 .text.xPortGetFreeHeapSize
                0x00000000        0xc build/heap_4.o
 .text.xPortGetMinimumEverFreeHeapSize
                0x00000000        0xc build/heap_4.o
 .text.xPortResetHeapMinimumEverFreeHeapSize
                0x00000000       0x14 build/heap_4.o
 .text.vPortInitialiseBlocks
                0x00000000        0x4 build/heap_4.o
 .text.pvPortCalloc
                0x00000000       0x5c build/heap_4.o
 .text.vPortGetHeapStats
                0x00000000      0x100 build/heap_4.o
 .text.vPortHeapResetState
                0x00000000       0x2c build/heap_4.o
 .comment       0x00000000       0x23 build/heap_4.o
 .text          0x00000000        0x0 build/port.o
 .data          0x00000000        0x0 build/port.o
 .bss           0x00000000        0x0 build/port.o
 .text.vPortYieldFromISR
                0x00000000       0x10 build/port.o
 .text.vPortEndScheduler
                0x00000000        0x4 build/port.o
 .text.vPortSetupTimerInterrupt
                0x00000000        0x4 build/port.o
 .sdata.pxCriticalNesting
                0x00000000        0x4 build/port.o
 .comment       0x00000000       0x23 build/port.o

Memory Configuration

Name             Origin             Length             Attributes
SRAM             0x00010000         0x00004000         xrw
*default*        0x00000000         0xffffffff

Linker script and memory map

LOAD /usr/lib/gcc/riscv64-unknown-elf/13.2.0/rv32im/ilp32/libgcc.a
LOAD build/start.o
LOAD build/main.o
LOAD build/libc.o
LOAD build/tasks.o
LOAD build/queue.o
LOAD build/list.o
LOAD build/heap_4.o
LOAD build/port.o
                0x00013ffc                        __stack_top = 0x13ffc

.text.reset     0x00010000       0x10
 *(.text.reset)
 .text.reset    0x00010000       0x10 build/start.o
                0x00010000                _start

.text.irq       0x00010010      0x1ac
 *(.text.irq)
 .text.irq      0x00010010      0x1ac build/start.o
                0x00010010                _irq_handler

.text           0x000101bc     0x1500
 *(.text .text.*)
 .text          0x000101bc      0x22c build/start.o
                0x000101bc                vPortYield
 .text.vTaskB   0x000103e8       0x2c build/main.o
 .text.vTaskA   0x00010414       0x2c build/main.o
 .text.xPortSysTickHandler
                0x00010440       0x10 build/main.o
                0x00010440                xPortSysTickHandler
 .text.vApplicationStackOverflowHook
                0x00010450       0x14 build/main.o
                0x00010450                vApplicationStackOverflowHook
 .text.vApplicationMallocFailedHook
                0x00010464       0x14 build/main.o
                0x00010464                vApplicationMallocFailedHook
 .text.startup.main
                0x00010478      0x114 build/main.o
                0x00010478                main
 .text.memset   0x0001058c       0x1c build/libc.o
                0x0001058c                memset
 .text.prvAddCurrentTaskToDelayedList
                0x000105a8      0x128 build/tasks.o
 .text.prvResetNextTaskUnblockTime
                0x000106d0       0x30 build/tasks.o
 .text.prvCheckTasksWaitingTermination
                0x00010700       0xd8 build/tasks.o
 .text.prvIdleTask
                0x000107d8       0x2c build/tasks.o
 .text.xTaskCreate
                0x00010804      0x2fc build/tasks.o
                0x00010804                xTaskCreate
 .text.vTaskStartScheduler
                0x00010b00       0xb0 build/tasks.o
                0x00010b00                vTaskStartScheduler
 .text.vTaskSuspendAll
                0x00010bb0       0x14 build/tasks.o
                0x00010bb0                vTaskSuspendAll
 .text.xTaskIncrementTick
                0x00010bc4      0x1f0 build/tasks.o
                0x00010bc4                xTaskIncrementTick
 .text.xTaskResumeAll
                0x00010db4      0x200 build/tasks.o
                0x00010db4                xTaskResumeAll
 .text.vTaskDelay
                0x00010fb4       0x64 build/tasks.o
                0x00010fb4                vTaskDelay
 .text.vTaskSwitchContext
                0x00011018       0xe4 build/tasks.o
                0x00011018                vTaskSwitchContext
 .text.vListInitialise
                0x000110fc       0x20 build/list.o
                0x000110fc                vListInitialise
 .text.vListInitialiseItem
                0x0001111c        0x8 build/list.o
                0x0001111c                vListInitialiseItem
 .text.vListInsert
                0x00011124       0x50 build/list.o
                0x00011124                vListInsert
 .text.uxListRemove
                0x00011174       0x34 build/list.o
                0x00011174                uxListRemove
 .text.pvPortMalloc
                0x000111a8      0x234 build/heap_4.o
                0x000111a8                pvPortMalloc
 .text.vPortFree
                0x000113dc      0x154 build/heap_4.o
                0x000113dc                vPortFree
 .text.pxPortInitialiseStack
                0x00011530       0x68 build/port.o
                0x00011530                pxPortInitialiseStack
 .text.xPortStartFirstTask
                0x00011598       0xf0 build/port.o
                0x00011598                xPortStartFirstTask
 .text.xPortStartScheduler
                0x00011688       0x34 build/port.o
                0x00011688                xPortStartScheduler

.rodata         0x000116bc       0x1c
 *(.rodata .rodata.*)
 .rodata.main.str1.4
                0x000116bc       0x15 build/main.o
                                  0xe (size before relaxing)
 .rodata.vTaskStartScheduler.str1.4
                0x000116d1        0x5 build/tasks.o
 *(.srodata .srodata.*)
 *fill*         0x000116d1        0x3 
 .srodata.uxTopUsedPriority
                0x000116d4        0x4 build/tasks.o

.rela.dyn       0x000116d8        0x0
 .rela.text     0x000116d8        0x0 build/start.o

.data           0x000116d8        0x8
                0x000116d8                        __data_start = .
 *(.data .data.*)
 *(.sdata .sdata.*)
 .sdata.xCriticalNesting
                0x000116d8        0x4 build/port.o
                0x000116d8                xCriticalNesting
 .sdata.picorv32_irq_mask
                0x000116dc        0x4 build/port.o
                0x000116dc                picorv32_irq_mask
                0x000116e0                        __data_end = .

.bss            0x000116e0     0x1910
                0x000116e0                        __bss_start = .
 *(.bss .bss.*)
 .bss.xSuspendedTaskList
                0x000116e0       0x14 build/tasks.o
 .bss.xTasksWaitingTermination
                0x000116f4       0x14 build/tasks.o
 .bss.xPendingReadyList
                0x00011708       0x14 build/tasks.o
 .bss.xDelayedTaskList2
                0x0001171c       0x14 build/tasks.o
 .bss.xDelayedTaskList1
                0x00011730       0x14 build/tasks.o
 .bss.pxReadyTasksLists
                0x00011744       0x50 build/tasks.o
 .bss.ucHeap    0x00011794     0x1800 build/heap_4.o
 *(.sbss .sbss.*)
 .sbss.uxSchedulerSuspended
                0x00012f94        0x4 build/tasks.o
 .sbss.xIdleTaskHandles
                0x00012f98        0x4 build/tasks.o
 .sbss.xNextTaskUnblockTime
                0x00012f9c        0x4 build/tasks.o
 .sbss.uxTaskNumber
                0x00012fa0        0x4 build/tasks.o
 .sbss.xNumOfOverflows
                0x00012fa4        0x4 build/tasks.o
 .sbss.xYieldPendings
                0x00012fa8        0x4 build/tasks.o
 .sbss.xPendedTicks
                0x00012fac        0x4 build/tasks.o
 .sbss.xSchedulerRunning
                0x00012fb0        0x4 build/tasks.o
 .sbss.uxTopReadyPriority
                0x00012fb4        0x4 build/tasks.o
 .sbss.xTickCount
                0x00012fb8        0x4 build/tasks.o
 .sbss.uxCurrentNumberOfTasks
                0x00012fbc        0x4 build/tasks.o
 .sbss.uxDeletedTasksWaitingCleanUp
                0x00012fc0        0x4 build/tasks.o
 .sbss.pxOverflowDelayedTaskList
                0x00012fc4        0x4 build/tasks.o
 .sbss.pxDelayedTaskList
                0x00012fc8        0x4 build/tasks.o
 .sbss.pxCurrentTCB
                0x00012fcc        0x4 build/tasks.o
                0x00012fcc                pxCurrentTCB
 .sbss.xNumberOfSuccessfulFrees
                0x00012fd0        0x4 build/heap_4.o
 .sbss.xNumberOfSuccessfulAllocations
                0x00012fd4        0x4 build/heap_4.o
 .sbss.xMinimumEverFreeBytesRemaining
                0x00012fd8        0x4 build/heap_4.o
 .sbss.xFreeBytesRemaining
                0x00012fdc        0x4 build/heap_4.o
 .sbss.pxEnd    0x00012fe0        0x4 build/heap_4.o
 .sbss.xStart   0x00012fe4        0x8 build/heap_4.o
 .sbss.xPortYieldRequired
                0x00012fec        0x4 build/port.o
                0x00012fec                xPortYieldRequired
 *(COMMON)
                0x00012ff0                        __bss_end = .

.heap           0x00012ff0        0x0
                0x00012ff0                        __heap_start = .
                0x00012ff0                        . = ALIGN (0x4)
                0x00012ff0                        __heap_end = .
                0x00012ff0                        _end = .
                [!provide]                        PROVIDE (end = .)

/DISCARD/
 *(.comment)
 *(.note.*)
 *(.eh_frame*)
OUTPUT(firmware.elf elf32-littleriscv)

.riscv.attributes
                0x00000000       0x2a
 .riscv.attributes
                0x00000000       0x28 build/start.o
 .riscv.attributes
                0x00000028       0x2a build/main.o
 .riscv.attributes
                0x00000052       0x2a build/libc.o
 .riscv.attributes
                0x0000007c       0x2a build/tasks.o
 .riscv.attributes
                0x000000a6       0x2a build/list.o
 .riscv.attributes
                0x000000d0       0x2a build/heap_4.o
 .riscv.attributes
                0x000000fa       0x2a build/port.o

.debug_line     0x00000000     0x7c3e
 .debug_line    0x00000000      0x5ea build/start.o
 .debug_line    0x000005ea      0x3a1 build/main.o
 .debug_line    0x0000098b      0xc44 build/libc.o
 .debug_line    0x000015cf     0x5291 build/tasks.o
 .debug_line    0x00006860      0x432 build/list.o
 .debug_line    0x00006c92      0xd86 build/heap_4.o
 .debug_line    0x00007a18      0x226 build/port.o

.debug_line_str
                0x00000000      0x178
 .debug_line_str
                0x00000000      0x178 build/start.o
                                 0x28 (size before relaxing)
 .debug_line_str
                0x00000178       0xca build/main.o
 .debug_line_str
                0x00000178       0xaa build/libc.o
 .debug_line_str
                0x00000178      0x116 build/tasks.o
 .debug_line_str
                0x00000178       0xdf build/list.o
 .debug_line_str
                0x00000178      0x129 build/heap_4.o
 .debug_line_str
                0x00000178       0xdf build/port.o

.debug_info     0x00000000     0x3c44
 .debug_info    0x00000000       0x23 build/start.o
 .debug_info    0x00000023      0x331 build/main.o
 .debug_info    0x00000354      0x779 build/libc.o
 .debug_info    0x00000acd     0x26c3 build/tasks.o
 .debug_info    0x00003190      0x28f build/list.o
 .debug_info    0x0000341f      0x603 build/heap_4.o
 .debug_info    0x00003a22      0x222 build/port.o

.debug_abbrev   0x00000000      0xdb1
 .debug_abbrev  0x00000000       0x12 build/start.o
 .debug_abbrev  0x00000012      0x1c7 build/main.o
 .debug_abbrev  0x000001d9      0x1d5 build/libc.o
 .debug_abbrev  0x000003ae      0x4ae build/tasks.o
 .debug_abbrev  0x0000085c      0x10f build/list.o
 .debug_abbrev  0x0000096b      0x317 build/heap_4.o
 .debug_abbrev  0x00000c82      0x12f build/port.o

.debug_aranges  0x00000000      0x358
 .debug_aranges
                0x00000000       0x30 build/start.o
 .debug_aranges
                0x00000030       0x48 build/main.o
 .debug_aranges
                0x00000078       0x80 build/libc.o
 .debug_aranges
                0x000000f8      0x178 build/tasks.o
 .debug_aranges
                0x00000270       0x40 build/list.o
 .debug_aranges
                0x000002b0       0x60 build/heap_4.o
 .debug_aranges
                0x00000310       0x48 build/port.o

.debug_str      0x00000000     0x12ef
 .debug_str     0x00000000     0x12ef build/start.o
                                 0x34 (size before relaxing)
 .debug_str     0x000012ef      0x26b build/main.o
 .debug_str     0x000012ef      0x1e0 build/libc.o
 .debug_str     0x000012ef      0xeb3 build/tasks.o
 .debug_str     0x000012ef      0x24f build/list.o
 .debug_str     0x000012ef      0x4e1 build/heap_4.o
 .debug_str     0x000012ef      0x235 build/port.o

.debug_rnglists
                0x00000000      0x4b8
 .debug_rnglists
                0x00000000       0x21 build/start.o
 .debug_rnglists
                0x00000021       0x32 build/main.o
 .debug_rnglists
                0x00000053       0x84 build/libc.o
 .debug_rnglists
                0x000000d7      0x332 build/tasks.o
 .debug_rnglists
                0x00000409       0x2b build/list.o
 .debug_rnglists
                0x00000434       0x52 build/heap_4.o
 .debug_rnglists
                0x00000486       0x32 build/port.o

.debug_loclists
                0x00000000     0x1fee
 .debug_loclists
                0x00000000       0x58 build/main.o
 .debug_loclists
                0x00000058      0x6f2 build/libc.o
 .debug_loclists
                0x0000074a     0x14a6 build/tasks.o
 .debug_loclists
                0x00001bf0       0x51 build/list.o
 .debug_loclists
                0x00001c41      0x34f build/heap_4.o
 .debug_loclists
                0x00001f90       0x5e build/port.o

.debug_frame    0x00000000      0x9e4
 .debug_frame   0x00000000       0x94 build/main.o
 .debug_frame   0x00000094      0x148 build/libc.o
 .debug_frame   0x000001dc      0x604 build/tasks.o
 .debug_frame   0x000007e0       0x60 build/list.o
 .debug_frame   0x00000840      0x108 build/heap_4.o
 .debug_frame   0x00000948       0x9c build/port.o
